{
  "module": "boundaryfix",
  "default": "allow",
  "violations": [
    {
      "from_package": "boundaryfix/cmd/service-b",
      "from_component": "service-b",
      "import": "boundaryfix/cmd/service-a",
      "target": "service-a",
      "rule": "denied by boundary \"cmd-services\"",
      "severity": "error",
      "test_only": false,
      "boundary": "cmd-services",
      "reason": "boundary",
      "explanation": "`boundaryfix/cmd/service-b` and `boundaryfix/cmd/service-a` are peers in the `cmd-services` boundary (its members include `service-a` and `service-b`), which is mutually exclusive, so neither may import the other. Fix: move the shared code into a component outside `cmd-services`, or remove one member from the boundary.",
      "positions": [
        {
          "file": "cmd/service-b/service.go",
          "line": 5
        }
      ]
    },
    {
      "from_package": "boundaryfix/internal/badshared",
      "from_component": "shared",
      "import": "boundaryfix/cmd/service-a",
      "target": "service-a",
      "rule": "denied by boundary \"cmd-services\" (sealed)",
      "severity": "error",
      "test_only": false,
      "boundary": "cmd-services",
      "reason": "boundary-sealed",
      "explanation": "the `cmd-services` boundary is sealed — only its members may import inward. `boundaryfix/internal/badshared` is outside `cmd-services`, so it may not import `boundaryfix/cmd/service-a` (a member). Fix: add `boundaryfix/internal/badshared` to `cmd-services`, or route through an allowed component.",
      "positions": [
        {
          "file": "internal/badshared/lib.go",
          "line": 5
        }
      ]
    }
  ],
  "warnings": [],
  "components": [
    {
      "name": "service-a",
      "stance": "whitelist",
      "allow": [
        "*"
      ],
      "packages": 1,
      "edges": 1,
      "violations": 0
    },
    {
      "name": "service-b",
      "stance": "whitelist",
      "allow": [
        "*"
      ],
      "packages": 1,
      "edges": 1,
      "violations": 1
    },
    {
      "name": "shared",
      "stance": "whitelist",
      "allow": [
        "*"
      ],
      "packages": 2,
      "edges": 1,
      "violations": 1
    }
  ],
  "boundaries": [
    {
      "name": "cmd-services",
      "sealed": true,
      "members": [
        {
          "component": "service-a"
        },
        {
          "component": "service-b"
        }
      ]
    }
  ],
  "cycles": [],
  "stats": {
    "packages": 4,
    "edges": 3,
    "duration_ms": 0
  }
}
