depdog.yaml

default     allow  (rule-less components import anything)
test_files  hybrid

components
  domain    blacklist
      internal/domain/**
      deny   handler, service, external
  handler   blacklist
      internal/handler/**
      deny   service
  service   blacklist
      internal/service/**
