default     allow  (rule-less components import anything)
test_files  hybrid

components
  service-a   whitelist
      cmd/service-a/**
      allow  *
  service-b   whitelist
      cmd/service-b/**
      allow  *
  shared      whitelist
      internal/**
      allow  *

boundaries
  cmd-services  sealed
      service-a, service-b
