{
  "module": "elm-dirty",
  "default": "deny",
  "violations": [
    {
      "from_package": "elm-dirty/src/Domain",
      "from_component": "domain",
      "import": "Service.Orders",
      "target": "service",
      "rule": "domain: allow [std]",
      "severity": "error",
      "test_only": false,
      "explanation": "`elm-dirty/src/Domain` (component `domain`) may import only `std`; `Service.Orders` (component `service`) is not among them. Fix: add `service` to `domain`'s allow list, or depend only on what `domain` already allows.",
      "positions": [
        {
          "file": "src/Domain/Order.elm",
          "line": 7
        }
      ]
    }
  ],
  "warnings": [],
  "components": [
    {
      "name": "domain",
      "stance": "whitelist",
      "allow": [
        "std"
      ],
      "packages": 1,
      "edges": 2,
      "violations": 1
    },
    {
      "name": "handler",
      "stance": "whitelist",
      "allow": [
        "service",
        "std",
        "external"
      ],
      "packages": 1,
      "edges": 3,
      "violations": 0
    },
    {
      "name": "service",
      "stance": "whitelist",
      "allow": [
        "domain",
        "std"
      ],
      "packages": 1,
      "edges": 1,
      "violations": 0
    }
  ],
  "boundaries": [],
  "cycles": [],
  "stats": {
    "packages": 3,
    "edges": 6,
    "duration_ms": 0
  }
}
