component domain
  patterns: internal/domain/**
  stance:   whitelist (only allowed pass)
  allow:    [std]
  packages (1):
    example.test/dirty/internal/domain/pricing
  violations (2):
    example.test/dirty/internal/domain/pricing → example.test/dirty/internal/repository  (domain: allow [std])
    example.test/dirty/internal/domain/pricing → example.test/extlib  (domain: allow [std])
