{
  "module": "kotlindirty",
  "default": "deny",
  "violations": [
    {
      "from_package": "kotlindirty/src/main/kotlin/com/example/domain",
      "from_component": "domain",
      "import": "com.example.service.notify.Notifier",
      "target": "service",
      "rule": "domain: allow [std]",
      "severity": "error",
      "test_only": false,
      "explanation": "`kotlindirty/src/main/kotlin/com/example/domain` (component `domain`) may import only `std`; `com.example.service.notify.Notifier` (component `service`) is not among them. Fix: add `service` to `domain`'s allow list, or depend only on what `domain` already allows.",
      "positions": [
        {
          "file": "src/main/kotlin/com/example/domain/Order.kt",
          "line": 7
        }
      ]
    },
    {
      "from_package": "kotlindirty/src/main/kotlin/com/example/handler",
      "from_component": "handler",
      "import": "com.example.domain.Order",
      "target": "domain",
      "rule": "handler: allow [service, std, external]",
      "severity": "error",
      "test_only": false,
      "explanation": "`kotlindirty/src/main/kotlin/com/example/handler` (component `handler`) may import only `service`, `std`, `external`; `com.example.domain.Order` (component `domain`) is not among them. Fix: add `domain` to `handler`'s allow list, or depend only on what `handler` already allows.",
      "positions": [
        {
          "file": "src/main/kotlin/com/example/handler/OrderHandler.kt",
          "line": 9
        }
      ]
    }
  ],
  "warnings": [],
  "components": [
    {
      "name": "domain",
      "stance": "whitelist",
      "allow": [
        "std"
      ],
      "packages": 1,
      "edges": 2,
      "violations": 1
    },
    {
      "name": "handler",
      "stance": "whitelist",
      "allow": [
        "service",
        "std",
        "external"
      ],
      "packages": 1,
      "edges": 4,
      "violations": 1
    },
    {
      "name": "service",
      "stance": "whitelist",
      "allow": [
        "domain",
        "std"
      ],
      "packages": 2,
      "edges": 2,
      "violations": 0
    },
    {
      "name": "tests",
      "stance": "whitelist",
      "allow": [
        "domain",
        "service",
        "std"
      ],
      "packages": 1,
      "edges": 1,
      "violations": 0
    }
  ],
  "boundaries": [],
  "cycles": [
    [
      "domain",
      "service"
    ]
  ],
  "stats": {
    "packages": 5,
    "edges": 9,
    "duration_ms": 0
  }
}
