component domain
  patterns: src/main/kotlin/com/example/domain/**
  stance:   whitelist (only allowed pass)
  allow:    [std]
  packages (1):
    kotlindirty/src/main/kotlin/com/example/domain
  violations (1):
    kotlindirty/src/main/kotlin/com/example/domain → com.example.service.notify.Notifier  (domain: allow [std])
