{
  "module": "pydirty",
  "default": "deny",
  "violations": [
    {
      "from_package": "pydirty/domain",
      "from_component": "domain",
      "import": "service.notify",
      "target": "service",
      "rule": "domain: allow [std]",
      "test_only": false,
      "explanation": "`pydirty/domain` (component `domain`) may import only `std`; `service.notify` (component `service`) is not among them. Fix: add `service` to `domain`'s allow list, or depend only on what `domain` already allows.",
      "positions": [
        {
          "file": "domain/order.py",
          "line": 6
        }
      ]
    },
    {
      "from_package": "pydirty/handler",
      "from_component": "handler",
      "import": "domain.order",
      "target": "domain",
      "rule": "handler: allow [service, std, external]",
      "test_only": false,
      "explanation": "`pydirty/handler` (component `handler`) may import only `service`, `std`, `external`; `domain.order` (component `domain`) is not among them. Fix: add `domain` to `handler`'s allow list, or depend only on what `handler` already allows.",
      "positions": [
        {
          "file": "handler/api.py",
          "line": 7
        }
      ]
    }
  ],
  "warnings": [],
  "components": [
    {
      "name": "domain",
      "stance": "whitelist",
      "allow": [
        "std"
      ],
      "packages": 1,
      "edges": 3,
      "violations": 1
    },
    {
      "name": "handler",
      "stance": "whitelist",
      "allow": [
        "service",
        "std",
        "external"
      ],
      "packages": 1,
      "edges": 4,
      "violations": 1
    },
    {
      "name": "service",
      "stance": "whitelist",
      "allow": [
        "domain",
        "std"
      ],
      "packages": 1,
      "edges": 4,
      "violations": 0
    }
  ],
  "boundaries": [],
  "cycles": [
    [
      "domain",
      "service"
    ]
  ],
  "stats": {
    "packages": 3,
    "edges": 11,
    "duration_ms": 0
  }
}
