depdog · example.test/shop
 Dashboard | Violations | Packages | Config 
────────────────────────────────────────────────────────────────────────

  ▲ 8 more
      allow  std
  comp01   whitelist
      internal/comp01/**
      allow  std
  comp02   whitelist
      internal/comp02/**
      allow  std
  comp03   whitelist
      internal/comp03/**
      allow  std
  comp04   whitelist
      internal/comp04/**
  ▼ 76 more

tab/1-4 switch · ↑/↓ scroll · m matrix · e edit · r re-run · ? help · q quit