depdog · example.test/shop
 Dashboard | Violations | Packages | Config 
────────────────────────────────────────────────────────────────────────

depdog.yaml

default    deny  (rule-less components import nothing)
test_files hybrid
skip       internal/legacy/**

components
  domain    whitelist
      internal/domain/**
      allow  std
  handler   whitelist
      internal/handler/**
      allow  domain, std

tab/1-4 switch · ↑/↓ scroll · m matrix · e edit · r re-run · ? help · q quit