depdog · example.test/shop
 Dashboard | Violations | Packages | Config | Matrix 
────────────────────────────────────────────────────────────────────────

  ▲ 8 more
      allow  std
  comp01   whitelist
      internal/comp01/**
      allow  std
  comp02   whitelist
      internal/comp02/**
      allow  std
  comp03   whitelist
      internal/comp03/**
      allow  std
  comp04   whitelist
      internal/comp04/**
  ▼ 76 more

tab/1-5 switch · ↑/↓ scroll · e edit depdog.yaml · r re-run · ? help · q quit